[debug] [2026-06-22T12:23:07.702Z] ----------------------------------------------------------------------
[debug] [2026-06-22T12:23:07.705Z] Command:       /usr/local/bin/node /usr/local/bin/firebase projects:list
[debug] [2026-06-22T12:23:07.705Z] CLI Version:   15.19.1
[debug] [2026-06-22T12:23:07.706Z] Platform:      linux
[debug] [2026-06-22T12:23:07.706Z] Node Version:  v22.22.3
[debug] [2026-06-22T12:23:07.706Z] Time:          Mon Jun 22 2026 12:23:07 GMT+0000 (Coordinated Universal Time)
[debug] [2026-06-22T12:23:07.706Z] ----------------------------------------------------------------------
[debug] 
[debug] [2026-06-22T12:23:07.709Z] >>> [apiv2][query] GET https://firebase-public.firebaseio.com/cli.json [none]
[debug] [2026-06-22T12:23:08.106Z] > command requires scopes: ["email","openid","https://www.googleapis.com/auth/cloudplatformprojects.readonly","https://www.googleapis.com/auth/firebase","https://www.googleapis.com/auth/cloud-platform"]
[debug] [2026-06-22T12:23:08.170Z] Running auto auth
[debug] [2026-06-22T12:23:08.183Z] No OAuth tokens found
[debug] [2026-06-22T12:23:08.184Z] >>> [apiv2][query] GET https://firebase.googleapis.com/v1beta1/projects pageSize=1000
[debug] [2026-06-22T12:23:08.280Z] <<< [apiv2][status] GET https://firebase.googleapis.com/v1beta1/projects 403
[debug] [2026-06-22T12:23:08.280Z] <<< [apiv2][body] GET https://firebase.googleapis.com/v1beta1/projects [omitted]
[debug] [2026-06-22T12:23:08.281Z] Request to https://firebase.googleapis.com/v1beta1/projects?pageSize=1000 had HTTP Error: 403, Firebase Management API has not been used in project 970075352957 before or it is disabled. Enable it by visiting https://console.developers.google.com/apis/api/firebase.googleapis.com/overview?project=970075352957 then retry. If you enabled this API recently, wait a few minutes for the action to propagate to our systems and retry.
[debug] [2026-06-22T12:23:08.283Z] FirebaseError: Request to https://firebase.googleapis.com/v1beta1/projects?pageSize=1000 had HTTP Error: 403, Firebase Management API has not been used in project 970075352957 before or it is disabled. Enable it by visiting https://console.developers.google.com/apis/api/firebase.googleapis.com/overview?project=970075352957 then retry. If you enabled this API recently, wait a few minutes for the action to propagate to our systems and retry.
    at responseToError (/usr/local/lib/node_modules/firebase-tools/lib/responseToError.js:53:12)
    at RetryOperation._fn (/usr/local/lib/node_modules/firebase-tools/lib/apiv2.js:333:77)
    at process.processTicksAndRejections (node:internal/process/task_queues:103:5)
[error] 
[error] Error: Failed to list Firebase projects. See firebase-debug.log for more info.
